------------------------------------------------------------
TimeQuest Timing Analyzer Summary
------------------------------------------------------------

Type  : Slow 1200mV 100C Model Setup 'altera_reserved_tck'
Slack : 44.875
TNS   : 0.000

Type  : Slow 1200mV 100C Model Hold 'altera_reserved_tck'
Slack : 0.411
TNS   : 0.000

Type  : Slow 1200mV 100C Model Recovery 'altera_reserved_tck'
Slack : 95.106
TNS   : 0.000

Type  : Slow 1200mV 100C Model Removal 'altera_reserved_tck'
Slack : 1.167
TNS   : 0.000

Type  : Slow 1200mV 100C Model Minimum Pulse Width 'altera_reserved_tck'
Slack : 49.584
TNS   : 0.000

Type  : Slow 1200mV -40C Model Setup 'altera_reserved_tck'
Slack : 45.511
TNS   : 0.000

Type  : Slow 1200mV -40C Model Hold 'altera_reserved_tck'
Slack : 0.339
TNS   : 0.000

Type  : Slow 1200mV -40C Model Recovery 'altera_reserved_tck'
Slack : 95.721
TNS   : 0.000

Type  : Slow 1200mV -40C Model Removal 'altera_reserved_tck'
Slack : 1.022
TNS   : 0.000

Type  : Slow 1200mV -40C Model Minimum Pulse Width 'altera_reserved_tck'
Slack : 49.447
TNS   : 0.000

Type  : Fast 1200mV -40C Model Setup 'altera_reserved_tck'
Slack : 47.768
TNS   : 0.000

Type  : Fast 1200mV -40C Model Hold 'altera_reserved_tck'
Slack : 0.176
TNS   : 0.000

Type  : Fast 1200mV -40C Model Recovery 'altera_reserved_tck'
Slack : 97.539
TNS   : 0.000

Type  : Fast 1200mV -40C Model Removal 'altera_reserved_tck'
Slack : 0.537
TNS   : 0.000

Type  : Fast 1200mV -40C Model Minimum Pulse Width 'altera_reserved_tck'
Slack : 49.468
TNS   : 0.000

------------------------------------------------------------
